// Jest Snapshot v1, https://goo.gl/fbAQLP

exports[`<Header /> should render a div 1`] = `
<div>
  <a
    class="sc-bdVaJa sc-bwzfXH fAferc"
    href="https://www.reactboilerplate.com/"
  >
    <img
      alt="react-boilerplate - Logo"
      class="sc-htpNat ckduvH"
      src="IMAGE_MOCK"
    />
  </a>
  <div
    class="sc-bxivhb EYjjH"
  >
    <a
      class="sc-ifAKCX cIlifk"
      href="/"
    >
      Home
    </a>
    <a
      class="sc-ifAKCX cIlifk"
      href="/features"
    >
      Features
    </a>
  </div>
</div>
`;
