// Jest Snapshot v1, https://goo.gl/fbAQLP

exports[`<Footer /> should render and match the snapshot 1`] = `
<footer
  className="sc-bxivhb dtkJYr"
>
  <section>
    This project is licensed under the MIT license.
  </section>
  <section>
    <div
      className="sc-htpNat ffBkYG"
    >
      <select
        className="sc-bwzfXH eFNPLc"
        onChange={[Function]}
        value="en"
      >
        <option
          value="en"
        >
          en
        </option>
        <option
          value="de"
        >
          de
        </option>
      </select>
    </div>
  </section>
  <section>
    
      Made with love by 
    <a
      className="sc-bdVaJa cpswpp"
      href="https://twitter.com/mxstbr"
    >
      Max Stoiber
    </a>
    .
    
  </section>
</footer>
`;
