// Jest Snapshot v1, https://goo.gl/fbAQLP

exports[`<NotFound /> should render and match the snapshot 1`] = `
<article>
  <h1>
    This is the NotFoundPage container!
  </h1>
</article>
`;
